
> arcados-bot@1.0.0 sync:guild
> npx tsx src/scripts/sync-guild-to-postgres.ts 1254694808228986912


node:internal/modules/run_main:107
    triggerUncaughtException(
    ^
Error [ERR_MODULE_NOT_FOUND]: Cannot find module '/home/ln64/Source/arcados-bot/src/scripts/sync-guild-to-postgres.ts' imported from /home/ln64/Source/arcados-bot/
    at finalizeResolution (node:internal/modules/esm/resolve:274:11)
    at moduleResolve (node:internal/modules/esm/resolve:864:10)
    at defaultResolve (node:internal/modules/esm/resolve:990:11)
    at nextResolve (node:internal/modules/esm/hooks:785:28)
    at resolveBase (file:///home/ln64/Source/arcados-bot/node_modules/tsx/dist/esm/index.mjs?1762587192714:2:3811)
    at async resolveDirectory (file:///home/ln64/Source/arcados-bot/node_modules/tsx/dist/esm/index.mjs?1762587192714:2:4304)
    at async resolve (file:///home/ln64/Source/arcados-bot/node_modules/tsx/dist/esm/index.mjs?1762587192714:2:5422)
    at async nextResolve (node:internal/modules/esm/hooks:785:22)
    at async AsyncLoaderHooksOnLoaderHookWorker.resolve (node:internal/modules/esm/hooks:271:24)
    at async handleMessage (node:internal/modules/esm/worker:251:18) {
  code: 'ERR_MODULE_NOT_FOUND',
  url: 'file:///home/ln64/Source/arcados-bot/src/scripts/sync-guild-to-postgres.ts'
}

Node.js v25.1.0
